2026-09-11T06:04:44Z INFO HyperQueue v0.26.2
2026-09-11T06:04:44Z INFO SLURM environment detected
2026-09-11T06:04:44Z INFO Detected 540609720320B of memory (503.48 GiB)
2026-09-11T06:04:44Z INFO Starting hyperqueue worker
2026-09-11T06:04:44Z INFO Connecting to: cm4login2:35051
2026-09-11T06:04:44Z INFO Listening on port 36989
2026-09-11T06:04:44Z INFO Connecting to server (candidate addresses = [10.0.1.43:35051])
+-------------------+---------------------------------------------------------------------------+
| Worker            | 1                                                                         |
| State             | RUNNING                                                                   |
| Hostname          | cm4r13c06s03                                                              |
| Started           | "2026-09-11T06:04:44.957054665Z"                                          |
| Data provider     | cm4r13c06s03:36989                                                        |
| Working directory | /dss/lxclscratch/00/ra98ror2/ra98ror2/tmp.GqAchXoaN9/hq-worker9Z0UQn/work |
| Heartbeat         | 8s                                                                        |
| Idle timeout      | 2h                                                                        |
| Overview interval | None                                                                      |
| Resources         | cpus: 112                                                                 |
|                   | mem: 503.48 GiB                                                           |
| Time Limit        | 23h 55m                                                                   |
| Process pid       | 92998                                                                     |
| Group             | 212143                                                                    |
| Manager           | SLURM                                                                     |
| Manager Job ID    | 212143                                                                    |
| Last task started |                                                                           |
+-------------------+---------------------------------------------------------------------------+
2026-09-11T06:04:45Z INFO HyperQueue v0.26.2
2026-09-11T06:04:45Z INFO HyperQueue v0.26.2
2026-09-11T06:04:45Z INFO HyperQueue v0.26.2
2026-09-11T06:04:45Z INFO SLURM environment detected
2026-09-11T06:04:45Z INFO Detected 540609789952B of memory (503.48 GiB)
2026-09-11T06:04:45Z INFO SLURM environment detected
2026-09-11T06:04:45Z INFO Detected 540609773568B of memory (503.48 GiB)
2026-09-11T06:04:45Z INFO SLURM environment detected
2026-09-11T06:04:45Z INFO Detected 540609744896B of memory (503.48 GiB)
2026-09-11T06:04:45Z INFO Starting hyperqueue worker
2026-09-11T06:04:45Z INFO Connecting to: cm4login2:35051
2026-09-11T06:04:45Z INFO Starting hyperqueue worker
2026-09-11T06:04:45Z INFO Listening on port 41997
2026-09-11T06:04:45Z INFO Connecting to server (candidate addresses = [10.0.1.43:35051])
2026-09-11T06:04:45Z INFO Connecting to: cm4login2:35051
2026-09-11T06:04:45Z INFO Listening on port 43743
2026-09-11T06:04:45Z INFO Connecting to server (candidate addresses = [10.0.1.43:35051])
2026-09-11T06:04:45Z INFO Starting hyperqueue worker
2026-09-11T06:04:45Z INFO Connecting to: cm4login2:35051
2026-09-11T06:04:45Z INFO Listening on port 45517
2026-09-11T06:04:45Z INFO Connecting to server (candidate addresses = [10.0.1.43:35051])
+-------------------+---------------------------------------------------------------------------+
| Worker            | 2                                                                         |
| State             | RUNNING                                                                   |
| Hostname          | cm4r15c02s08                                                              |
| Started           | "2026-09-11T06:04:45.886319757Z"                                          |
| Data provider     | cm4r15c02s08:41997                                                        |
| Working directory | /dss/lxclscratch/00/ra98ror2/ra98ror2/tmp.GqAchXoaN9/hq-workerVcKpfP/work |
| Heartbeat         | 8s                                                                        |
| Idle timeout      | 2h                                                                        |
| Overview interval | None                                                                      |
| Resources         | cpus: 112                                                                 |
|                   | mem: 503.48 GiB                                                           |
+-------------------+---------------------------------------------------------------------------+
| Worker            | 3                                                                         |
| State             | RUNNING                                                                   |
| Hostname          | cm4r15c02s07                                                              |
| Started           | "2026-09-11T06:04:45.886486187Z"                                          |
| Data provider     | cm4r15c02s07:43743                                                        |
| Working directory | /dss/lxclscratch/00/ra98ror2/ra98ror2/tmp.GqAchXoaN9/hq-workerHJwuAn/work |
| Heartbeat         | 8s                                                                        |
| Idle timeout      | 2h                                                                        |
| Overview interval | None                                                                      |
| Time Limit        | 23h 55m                                                                   |
| Process pid       | 186942                                                                    |
| Group             | 212143                                                                    |
| Manager           | SLURM                                                                     |
| Manager Job ID    | 212143                                                                    |
| Last task started |                                                                           |
+-------------------+---------------------------------------------------------------------------+
| Resources         | cpus: 112                                                                 |
|                   | mem: 503.48 GiB                                                           |
| Time Limit        | 23h 55m                                                                   |
| Process pid       | 152970                                                                    |
| Group             | 212143                                                                    |
| Manager           | SLURM                                                                     |
| Manager Job ID    | 212143                                                                    |
| Last task started |                                                                           |
+-------------------+---------------------------------------------------------------------------+
+-------------------+---------------------------------------------------------------------------+
| Worker            | 4                                                                         |
| State             | RUNNING                                                                   |
| Hostname          | cm4r15c01s07                                                              |
| Started           | "2026-09-11T06:04:45.914091085Z"                                          |
| Data provider     | cm4r15c01s07:45517                                                        |
| Working directory | /dss/lxclscratch/00/ra98ror2/ra98ror2/tmp.GqAchXoaN9/hq-workerVJUnAr/work |
| Heartbeat         | 8s                                                                        |
| Idle timeout      | 2h                                                                        |
| Overview interval | None                                                                      |
| Resources         | cpus: 112                                                                 |
|                   | mem: 503.48 GiB                                                           |
| Time Limit        | 23h 55m                                                                   |
| Process pid       | 203327                                                                    |
| Group             | 212143                                                                    |
| Manager           | SLURM                                                                     |
| Manager Job ID    | 212143                                                                    |
| Last task started |                                                                           |
+-------------------+---------------------------------------------------------------------------+
